[FOO]
int=3
strings=abc
strings=def
strings=ghi
doubles=3.1415
doubles=1.4142
enabled.x=false
enabled.y=true
bar=right
value=WIBBLEWIBBLE
file=test-golden/sample2-tutorial/0001-example.config
